{
  "err": "",
  "output": "Issue TEST-12: Comments issue\nURL: https://linear.app/linear-mcp-go-test/issue/TEST-12/comments-issue\nPriority: None\nStatus: Todo\nAssignee: None\nTeam: Test Team\n\nDescription:\nThis is the description\n\nAttachments:\n- [docs] Getting Started: https://www.gitpod.io/docs/introduction/getting-started\n  Gitpod Documentation: Learn how to start your first Gitpod workspace for free, set up a gitpod.yml configuration file and enable Prebuilds.\n\nComments:\n- [2025-03-04 08:41:12] Gero Leinemann: This is comment 1.1\n  - [2025-03-04 08:41:21] Gero Leinemann: This is comment 1.2\n  - [2025-03-04 08:41:27] Gero Leinemann: This is comment 1.3\n- [2025-03-04 08:41:33] Gero Leinemann: This is comment 2.1\n  - [2025-03-04 08:41:41] Gero Leinemann: comment 2.2\n- [2025-03-04 08:41:47] Gero Leinemann: comment 3.1\n\nRelated Issues: None\n"
}