{
  "err": "",
  "output": "Issue: TEST-10 (UUID: 1c2de93f-4321-4015-bfde-ee893ef7976f)\nTitle: Updated Test Issue\nURL: https://linear.app/linear-mcp-go-test/issue/TEST-10/updated-test-issue\nPriority: None\nStatus: Backlog\nLabels: None\nDescription: None\nAssignee: User: Gero Leinemann (UUID: cc24eee4-9edc-4bfe-b91b-fedde125ba85)\nTeam: Team: Test Team (UUID: 234c5451-a839-4c8f-98d9-da00973f1060)\n\nAttachments: None\n\nComments:\n- [2025-03-03 13:32:18] Gero Leinemann: new test comment\n- [2025-03-03 13:32:43] Gero Leinemann: Test comment\n- [2025-03-04 08:37:42] Gero Leinemann: Test comment\n- [2025-03-24 16:05:32] Gero Leinemann: Test comment\n- [2025-03-30 06:05:06] Gero Leinemann: Test comment\n- [2025-03-30 07:56:59] Gero Leinemann: Test comment\n- [2025-03-30 09:34:56] Gero Leinemann: Test comment\n\nRelated Issues: None\n"
}