{
  "err": "",
  "output": "Issue: TEST-10 (UUID: 1c2de93f-4321-4015-bfde-ee893ef7976f)\nTitle: Updated Test Issue\nURL: https://linear.app/linear-mcp-go-test/issue/TEST-10/updated-test-issue\nPriority: None\nStatus: Backlog\nLabels: None\nDescription: None\nAssignee: User: Gero Leinemann (UUID: cc24eee4-9edc-4bfe-b91b-fedde125ba85)\nTeam: Team: Test Team (UUID: 234c5451-a839-4c8f-98d9-da00973f1060)\n\nAttachments: None\n\nComments: Use the linear_get_issue_comments tool to retrieve comments for this issue.\n\nRelated Issues: None\n"
}