{
  "err": "",
  "output": "Found 5 issues:\n- TEST-39: Sub Issue with Labels\n  Priority: None\n  Status: Backlog\n  https://linear.app/linear-mcp-go-test/issue/TEST-39/sub-issue-with-labels\n- TEST-38: Issue with Labels\n  Priority: None\n  Status: Backlog\n  https://linear.app/linear-mcp-go-test/issue/TEST-38/issue-with-labels\n- TEST-37: Sub Issue\n  Priority: None\n  Status: Backlog\n  https://linear.app/linear-mcp-go-test/issue/TEST-37/sub-issue\n- TEST-36: Sub Issue\n  Priority: None\n  Status: Backlog\n  https://linear.app/linear-mcp-go-test/issue/TEST-36/sub-issue\n- TEST-35: Test Issue with team key\n  Priority: None\n  Status: Backlog\n  https://linear.app/linear-mcp-go-test/issue/TEST-35/test-issue-with-team-key\n"
}