{
  "err": "",
  "output": "Found 5 issues:\n- TEST-12: Comments issue\n  Priority: None\n  Status: Todo\n  https://linear.app/linear-mcp-go-test/issue/TEST-12/comments-issue\n- TEST-11: Test Issue\n  Priority: None\n  Status: Backlog\n  https://linear.app/linear-mcp-go-test/issue/TEST-11/test-issue\n- TEST-10: Updated Test Issue\n  Priority: None\n  Status: Backlog\n  https://linear.app/linear-mcp-go-test/issue/TEST-10/updated-test-issue\n- TEST-9: Next steps\n  Priority: 4\n  Status: Todo\n  https://linear.app/linear-mcp-go-test/issue/TEST-9/next-steps\n- TEST-3: Connect to Slack\n  Priority: 3\n  Status: Todo\n  https://linear.app/linear-mcp-go-test/issue/TEST-3/connect-to-slack\n"
}